   Compiling autocfg v1.0.1
   Compiling proc-macro2 v1.0.24
   Compiling unicode-xid v0.2.1
   Compiling syn v1.0.58
   Compiling eyre v0.6.5
   Compiling lazy_static v1.4.0
   Compiling once_cell v1.5.2
   Compiling indenter v0.3.2
   Compiling pin-project-lite v0.2.4
   Compiling cfg-if v1.0.0
   Compiling scale-core v0.1.1
     Running `CARGO=/home/bgrieder/.rustup/toolchains/nightly-2021-03-25-x86_64-unknown-linux-gnu/bin/cargo CARGO_CRATE_NAME=autocfg CARGO_MANIFEST_DIR=/home/bgrieder/projects/mpc_millionaires/vendor/autocfg CARGO_PKG_AUTHORS='Josh Stone <cuviper@gmail.com>' CARGO_PKG_DESCRIPTION='Automatic cfg for Rust compiler features' CARGO_PKG_HOMEPAGE='' CARGO_PKG_LICENSE='Apache-2.0 OR MIT' CARGO_PKG_LICENSE_FILE='' CARGO_PKG_NAME=autocfg CARGO_PKG_REPOSITORY='https://github.com/cuviper/autocfg' CARGO_PKG_VERSION=1.0.1 CARGO_PKG_VERSION_MAJOR=1 CARGO_PKG_VERSION_MINOR=0 CARGO_PKG_VERSION_PATCH=1 CARGO_PKG_VERSION_PRE='' LD_LIBRARY_PATH='/home/bgrieder/projects/mpc_millionaires/target/debug/deps:/home/bgrieder/.rustup/toolchains/nightly-2021-03-25-x86_64-unknown-linux-gnu/lib:/home/bgrieder/.rustup/toolchains/nightly-2021-03-25-x86_64-unknown-linux-gnu/lib::/home/bgrieder/.sdkman/candidates/java/8.0.232-amzn/jre/lib/amd64/server/:/home/bgrieder/.sdkman/candidates/java/8.0.232-amzn/jre/lib/amd64/server/' rustc --crate-name autocfg /home/bgrieder/projects/mpc_millionaires/vendor/autocfg/src/lib.rs --error-format=json --json=diagnostic-rendered-ansi --crate-type lib --emit=dep-info,metadata,link -C embed-bitcode=no -C debuginfo=2 -C overflow-checks=off -C metadata=49c81ba0e88f48ae -C extra-filename=-49c81ba0e88f48ae --out-dir /home/bgrieder/projects/mpc_millionaires/target/debug/deps -L dependency=/home/bgrieder/projects/mpc_millionaires/target/debug/deps --cap-lints warn`
     Running `CARGO=/home/bgrieder/.rustup/toolchains/nightly-2021-03-25-x86_64-unknown-linux-gnu/bin/cargo CARGO_CRATE_NAME=build_script_build CARGO_MANIFEST_DIR=/home/bgrieder/projects/mpc_millionaires/vendor/proc-macro2 CARGO_PKG_AUTHORS='Alex Crichton <alex@alexcrichton.com>:David Tolnay <dtolnay@gmail.com>' CARGO_PKG_DESCRIPTION='A substitute implementation of the compiler'\''s `proc_macro` API to decouple
token-based libraries from the procedural macro use case.
' CARGO_PKG_HOMEPAGE='' CARGO_PKG_LICENSE='MIT OR Apache-2.0' CARGO_PKG_LICENSE_FILE='' CARGO_PKG_NAME=proc-macro2 CARGO_PKG_REPOSITORY='https://github.com/alexcrichton/proc-macro2' CARGO_PKG_VERSION=1.0.24 CARGO_PKG_VERSION_MAJOR=1 CARGO_PKG_VERSION_MINOR=0 CARGO_PKG_VERSION_PATCH=24 CARGO_PKG_VERSION_PRE='' LD_LIBRARY_PATH='/home/bgrieder/projects/mpc_millionaires/target/debug/deps:/home/bgrieder/.rustup/toolchains/nightly-2021-03-25-x86_64-unknown-linux-gnu/lib:/home/bgrieder/.rustup/toolchains/nightly-2021-03-25-x86_64-unknown-linux-gnu/lib::/home/bgrieder/.sdkman/candidates/java/8.0.232-amzn/jre/lib/amd64/server/:/home/bgrieder/.sdkman/candidates/java/8.0.232-amzn/jre/lib/amd64/server/' rustc --crate-name build_script_build --edition=2018 /home/bgrieder/projects/mpc_millionaires/vendor/proc-macro2/build.rs --error-format=json --json=diagnostic-rendered-ansi --crate-type bin --emit=dep-info,link -C embed-bitcode=no -C debuginfo=2 -C overflow-checks=off --cfg 'feature="default"' --cfg 'feature="proc-macro"' -C metadata=19be77583cb3f518 -C extra-filename=-19be77583cb3f518 --out-dir /home/bgrieder/projects/mpc_millionaires/target/debug/build/proc-macro2-19be77583cb3f518 -L dependency=/home/bgrieder/projects/mpc_millionaires/target/debug/deps --cap-lints warn`
     Running `CARGO=/home/bgrieder/.rustup/toolchains/nightly-2021-03-25-x86_64-unknown-linux-gnu/bin/cargo CARGO_CRATE_NAME=unicode_xid CARGO_MANIFEST_DIR=/home/bgrieder/projects/mpc_millionaires/vendor/unicode-xid CARGO_PKG_AUTHORS='erick.tryzelaar <erick.tryzelaar@gmail.com>:kwantam <kwantam@gmail.com>' CARGO_PKG_DESCRIPTION='Determine whether characters have the XID_Start
or XID_Continue properties according to
Unicode Standard Annex #31.
' CARGO_PKG_HOMEPAGE='https://github.com/unicode-rs/unicode-xid' CARGO_PKG_LICENSE='MIT OR Apache-2.0' CARGO_PKG_LICENSE_FILE='' CARGO_PKG_NAME=unicode-xid CARGO_PKG_REPOSITORY='https://github.com/unicode-rs/unicode-xid' CARGO_PKG_VERSION=0.2.1 CARGO_PKG_VERSION_MAJOR=0 CARGO_PKG_VERSION_MINOR=2 CARGO_PKG_VERSION_PATCH=1 CARGO_PKG_VERSION_PRE='' LD_LIBRARY_PATH='/home/bgrieder/projects/mpc_millionaires/target/debug/deps:/home/bgrieder/.rustup/toolchains/nightly-2021-03-25-x86_64-unknown-linux-gnu/lib:/home/bgrieder/.rustup/toolchains/nightly-2021-03-25-x86_64-unknown-linux-gnu/lib::/home/bgrieder/.sdkman/candidates/java/8.0.232-amzn/jre/lib/amd64/server/:/home/bgrieder/.sdkman/candidates/java/8.0.232-amzn/jre/lib/amd64/server/' rustc --crate-name unicode_xid /home/bgrieder/projects/mpc_millionaires/vendor/unicode-xid/src/lib.rs --error-format=json --json=diagnostic-rendered-ansi,artifacts --crate-type lib --emit=dep-info,metadata,link -C embed-bitcode=no -C debuginfo=2 -C overflow-checks=off --cfg 'feature="default"' -C metadata=a657f47fd880084f -C extra-filename=-a657f47fd880084f --out-dir /home/bgrieder/projects/mpc_millionaires/target/debug/deps -L dependency=/home/bgrieder/projects/mpc_millionaires/target/debug/deps --cap-lints warn`
     Running `CARGO=/home/bgrieder/.rustup/toolchains/nightly-2021-03-25-x86_64-unknown-linux-gnu/bin/cargo CARGO_CRATE_NAME=build_script_build CARGO_MANIFEST_DIR=/home/bgrieder/projects/mpc_millionaires/vendor/syn CARGO_PKG_AUTHORS='David Tolnay <dtolnay@gmail.com>' CARGO_PKG_DESCRIPTION='Parser for Rust source code' CARGO_PKG_HOMEPAGE='' CARGO_PKG_LICENSE='MIT OR Apache-2.0' CARGO_PKG_LICENSE_FILE='' CARGO_PKG_NAME=syn CARGO_PKG_REPOSITORY='https://github.com/dtolnay/syn' CARGO_PKG_VERSION=1.0.58 CARGO_PKG_VERSION_MAJOR=1 CARGO_PKG_VERSION_MINOR=0 CARGO_PKG_VERSION_PATCH=58 CARGO_PKG_VERSION_PRE='' LD_LIBRARY_PATH='/home/bgrieder/projects/mpc_millionaires/target/debug/deps:/home/bgrieder/.rustup/toolchains/nightly-2021-03-25-x86_64-unknown-linux-gnu/lib:/home/bgrieder/.rustup/toolchains/nightly-2021-03-25-x86_64-unknown-linux-gnu/lib::/home/bgrieder/.sdkman/candidates/java/8.0.232-amzn/jre/lib/amd64/server/:/home/bgrieder/.sdkman/candidates/java/8.0.232-amzn/jre/lib/amd64/server/' rustc --crate-name build_script_build --edition=2018 /home/bgrieder/projects/mpc_millionaires/vendor/syn/build.rs --error-format=json --json=diagnostic-rendered-ansi --crate-type bin --emit=dep-info,link -C embed-bitcode=no -C debuginfo=2 -C overflow-checks=off --cfg 'feature="clone-impls"' --cfg 'feature="default"' --cfg 'feature="derive"' --cfg 'feature="extra-traits"' --cfg 'feature="full"' --cfg 'feature="parsing"' --cfg 'feature="printing"' --cfg 'feature="proc-macro"' --cfg 'feature="quote"' --cfg 'feature="visit-mut"' -C metadata=ed91e280ea1bbcc0 -C extra-filename=-ed91e280ea1bbcc0 --out-dir /home/bgrieder/projects/mpc_millionaires/target/debug/build/syn-ed91e280ea1bbcc0 -L dependency=/home/bgrieder/projects/mpc_millionaires/target/debug/deps --cap-lints warn`
     Running `CARGO=/home/bgrieder/.rustup/toolchains/nightly-2021-03-25-x86_64-unknown-linux-gnu/bin/cargo CARGO_CRATE_NAME=build_script_build CARGO_MANIFEST_DIR=/home/bgrieder/projects/mpc_millionaires/vendor/eyre CARGO_PKG_AUTHORS='David Tolnay <dtolnay@gmail.com>:Jane Lusby <jlusby42@gmail.com>' CARGO_PKG_DESCRIPTION='Flexible concrete Error Reporting type built on std::error::Error with customizable Reports' CARGO_PKG_HOMEPAGE='' CARGO_PKG_LICENSE='MIT OR Apache-2.0' CARGO_PKG_LICENSE_FILE='' CARGO_PKG_NAME=eyre CARGO_PKG_REPOSITORY='https://github.com/yaahc/eyre' CARGO_PKG_VERSION=0.6.5 CARGO_PKG_VERSION_MAJOR=0 CARGO_PKG_VERSION_MINOR=6 CARGO_PKG_VERSION_PATCH=5 CARGO_PKG_VERSION_PRE='' LD_LIBRARY_PATH='/home/bgrieder/projects/mpc_millionaires/target/debug/deps:/home/bgrieder/.rustup/toolchains/nightly-2021-03-25-x86_64-unknown-linux-gnu/lib:/home/bgrieder/.rustup/toolchains/nightly-2021-03-25-x86_64-unknown-linux-gnu/lib::/home/bgrieder/.sdkman/candidates/java/8.0.232-amzn/jre/lib/amd64/server/:/home/bgrieder/.sdkman/candidates/java/8.0.232-amzn/jre/lib/amd64/server/' rustc --crate-name build_script_build --edition=2018 /home/bgrieder/projects/mpc_millionaires/vendor/eyre/build.rs --error-format=json --json=diagnostic-rendered-ansi --crate-type bin --emit=dep-info,link -C embed-bitcode=no -C debuginfo=2 -C overflow-checks=off --cfg 'feature="default"' --cfg 'feature="track-caller"' -C metadata=33359700d9cafba3 -C extra-filename=-33359700d9cafba3 --out-dir /home/bgrieder/projects/mpc_millionaires/target/debug/build/eyre-33359700d9cafba3 -L dependency=/home/bgrieder/projects/mpc_millionaires/target/debug/deps --cap-lints warn`
     Running `CARGO=/home/bgrieder/.rustup/toolchains/nightly-2021-03-25-x86_64-unknown-linux-gnu/bin/cargo CARGO_CRATE_NAME=lazy_static CARGO_MANIFEST_DIR=/home/bgrieder/projects/mpc_millionaires/vendor/lazy_static CARGO_PKG_AUTHORS='Marvin Löbel <loebel.marvin@gmail.com>' CARGO_PKG_DESCRIPTION='A macro for declaring lazily evaluated statics in Rust.' CARGO_PKG_HOMEPAGE='' CARGO_PKG_LICENSE=MIT/Apache-2.0 CARGO_PKG_LICENSE_FILE='' CARGO_PKG_NAME=lazy_static CARGO_PKG_REPOSITORY='https://github.com/rust-lang-nursery/lazy-static.rs' CARGO_PKG_VERSION=1.4.0 CARGO_PKG_VERSION_MAJOR=1 CARGO_PKG_VERSION_MINOR=4 CARGO_PKG_VERSION_PATCH=0 CARGO_PKG_VERSION_PRE='' LD_LIBRARY_PATH='/home/bgrieder/projects/mpc_millionaires/target/debug/deps:/home/bgrieder/.rustup/toolchains/nightly-2021-03-25-x86_64-unknown-linux-gnu/lib:/home/bgrieder/.rustup/toolchains/nightly-2021-03-25-x86_64-unknown-linux-gnu/lib::/home/bgrieder/.sdkman/candidates/java/8.0.232-amzn/jre/lib/amd64/server/:/home/bgrieder/.sdkman/candidates/java/8.0.232-amzn/jre/lib/amd64/server/' rustc --crate-name lazy_static /home/bgrieder/projects/mpc_millionaires/vendor/lazy_static/src/lib.rs --error-format=json --json=diagnostic-rendered-ansi,artifacts --crate-type lib --emit=dep-info,metadata,link -C embed-bitcode=no -C debuginfo=2 -C overflow-checks=off -C metadata=66df9d26f1afb990 -C extra-filename=-66df9d26f1afb990 --out-dir /home/bgrieder/projects/mpc_millionaires/target/debug/deps -L dependency=/home/bgrieder/projects/mpc_millionaires/target/debug/deps --cap-lints warn`
     Running `CARGO=/home/bgrieder/.rustup/toolchains/nightly-2021-03-25-x86_64-unknown-linux-gnu/bin/cargo CARGO_CRATE_NAME=once_cell CARGO_MANIFEST_DIR=/home/bgrieder/projects/mpc_millionaires/vendor/once_cell CARGO_PKG_AUTHORS='Aleksey Kladov <aleksey.kladov@gmail.com>' CARGO_PKG_DESCRIPTION='Single assignment cells and lazy values.' CARGO_PKG_HOMEPAGE='' CARGO_PKG_LICENSE='MIT OR Apache-2.0' CARGO_PKG_LICENSE_FILE='' CARGO_PKG_NAME=once_cell CARGO_PKG_REPOSITORY='https://github.com/matklad/once_cell' CARGO_PKG_VERSION=1.5.2 CARGO_PKG_VERSION_MAJOR=1 CARGO_PKG_VERSION_MINOR=5 CARGO_PKG_VERSION_PATCH=2 CARGO_PKG_VERSION_PRE='' LD_LIBRARY_PATH='/home/bgrieder/projects/mpc_millionaires/target/debug/deps:/home/bgrieder/.rustup/toolchains/nightly-2021-03-25-x86_64-unknown-linux-gnu/lib:/home/bgrieder/.rustup/toolchains/nightly-2021-03-25-x86_64-unknown-linux-gnu/lib::/home/bgrieder/.sdkman/candidates/java/8.0.232-amzn/jre/lib/amd64/server/:/home/bgrieder/.sdkman/candidates/java/8.0.232-amzn/jre/lib/amd64/server/' rustc --crate-name once_cell --edition=2018 /home/bgrieder/projects/mpc_millionaires/vendor/once_cell/src/lib.rs --error-format=json --json=diagnostic-rendered-ansi,artifacts --crate-type lib --emit=dep-info,metadata,link -C embed-bitcode=no -C debuginfo=2 -C overflow-checks=off --cfg 'feature="alloc"' --cfg 'feature="default"' --cfg 'feature="std"' -C metadata=6dc20b56cc358ea4 -C extra-filename=-6dc20b56cc358ea4 --out-dir /home/bgrieder/projects/mpc_millionaires/target/debug/deps -L dependency=/home/bgrieder/projects/mpc_millionaires/target/debug/deps --cap-lints warn`
     Running `CARGO=/home/bgrieder/.rustup/toolchains/nightly-2021-03-25-x86_64-unknown-linux-gnu/bin/cargo CARGO_CRATE_NAME=cfg_if CARGO_MANIFEST_DIR=/home/bgrieder/projects/mpc_millionaires/vendor/cfg-if CARGO_PKG_AUTHORS='Alex Crichton <alex@alexcrichton.com>' CARGO_PKG_DESCRIPTION='A macro to ergonomically define an item depending on a large number of #[cfg]
parameters. Structured like an if-else chain, the first matching branch is the
item that gets emitted.
' CARGO_PKG_HOMEPAGE='https://github.com/alexcrichton/cfg-if' CARGO_PKG_LICENSE=MIT/Apache-2.0 CARGO_PKG_LICENSE_FILE='' CARGO_PKG_NAME=cfg-if CARGO_PKG_REPOSITORY='https://github.com/alexcrichton/cfg-if' CARGO_PKG_VERSION=1.0.0 CARGO_PKG_VERSION_MAJOR=1 CARGO_PKG_VERSION_MINOR=0 CARGO_PKG_VERSION_PATCH=0 CARGO_PKG_VERSION_PRE='' LD_LIBRARY_PATH='/home/bgrieder/projects/mpc_millionaires/target/debug/deps:/home/bgrieder/.rustup/toolchains/nightly-2021-03-25-x86_64-unknown-linux-gnu/lib:/home/bgrieder/.rustup/toolchains/nightly-2021-03-25-x86_64-unknown-linux-gnu/lib::/home/bgrieder/.sdkman/candidates/java/8.0.232-amzn/jre/lib/amd64/server/:/home/bgrieder/.sdkman/candidates/java/8.0.232-amzn/jre/lib/amd64/server/' rustc --crate-name cfg_if --edition=2018 /home/bgrieder/projects/mpc_millionaires/vendor/cfg-if/src/lib.rs --error-format=json --json=diagnostic-rendered-ansi,artifacts --crate-type lib --emit=dep-info,metadata,link -C embed-bitcode=no -C debuginfo=2 -C overflow-checks=off -C metadata=7bab0cbf667528cd -C extra-filename=-7bab0cbf667528cd --out-dir /home/bgrieder/projects/mpc_millionaires/target/debug/deps -L dependency=/home/bgrieder/projects/mpc_millionaires/target/debug/deps --cap-lints warn`
     Running `CARGO=/home/bgrieder/.rustup/toolchains/nightly-2021-03-25-x86_64-unknown-linux-gnu/bin/cargo CARGO_CRATE_NAME=pin_project_lite CARGO_MANIFEST_DIR=/home/bgrieder/projects/mpc_millionaires/vendor/pin-project-lite CARGO_PKG_AUTHORS='Taiki Endo <te316e89@gmail.com>' CARGO_PKG_DESCRIPTION='A lightweight version of pin-project written with declarative macros.
' CARGO_PKG_HOMEPAGE='' CARGO_PKG_LICENSE='Apache-2.0 OR MIT' CARGO_PKG_LICENSE_FILE='' CARGO_PKG_NAME=pin-project-lite CARGO_PKG_REPOSITORY='https://github.com/taiki-e/pin-project-lite' CARGO_PKG_VERSION=0.2.4 CARGO_PKG_VERSION_MAJOR=0 CARGO_PKG_VERSION_MINOR=2 CARGO_PKG_VERSION_PATCH=4 CARGO_PKG_VERSION_PRE='' LD_LIBRARY_PATH='/home/bgrieder/projects/mpc_millionaires/target/debug/deps:/home/bgrieder/.rustup/toolchains/nightly-2021-03-25-x86_64-unknown-linux-gnu/lib:/home/bgrieder/.rustup/toolchains/nightly-2021-03-25-x86_64-unknown-linux-gnu/lib::/home/bgrieder/.sdkman/candidates/java/8.0.232-amzn/jre/lib/amd64/server/:/home/bgrieder/.sdkman/candidates/java/8.0.232-amzn/jre/lib/amd64/server/' rustc --crate-name pin_project_lite --edition=2018 /home/bgrieder/projects/mpc_millionaires/vendor/pin-project-lite/src/lib.rs --error-format=json --json=diagnostic-rendered-ansi,artifacts --crate-type lib --emit=dep-info,metadata,link -C embed-bitcode=no -C debuginfo=2 -C overflow-checks=off -C metadata=f5b2a7ac99c36007 -C extra-filename=-f5b2a7ac99c36007 --out-dir /home/bgrieder/projects/mpc_millionaires/target/debug/deps -L dependency=/home/bgrieder/projects/mpc_millionaires/target/debug/deps --cap-lints warn`
     Running `CARGO=/home/bgrieder/.rustup/toolchains/nightly-2021-03-25-x86_64-unknown-linux-gnu/bin/cargo CARGO_CRATE_NAME=build_script_build CARGO_MANIFEST_DIR=/home/bgrieder/projects/mpc_millionaires/vendor/scale-core CARGO_PKG_AUTHORS='Oliver Scherer <oliver.scherer@cosmian.com>:Nigel P. Smart:Benjamin Coenen <benjamin.coenen@cosmian.com>' CARGO_PKG_DESCRIPTION='low level datastructures and functionality for compiling for SCALE via wasm' CARGO_PKG_HOMEPAGE='' CARGO_PKG_LICENSE='' CARGO_PKG_LICENSE_FILE=License.txt CARGO_PKG_NAME=scale-core CARGO_PKG_REPOSITORY='https://github.com/KULeuven-COSIC/SCALE-MAMBA' CARGO_PKG_VERSION=0.1.1 CARGO_PKG_VERSION_MAJOR=0 CARGO_PKG_VERSION_MINOR=1 CARGO_PKG_VERSION_PATCH=1 CARGO_PKG_VERSION_PRE='' LD_LIBRARY_PATH='/home/bgrieder/projects/mpc_millionaires/target/debug/deps:/home/bgrieder/.rustup/toolchains/nightly-2021-03-25-x86_64-unknown-linux-gnu/lib:/home/bgrieder/.rustup/toolchains/nightly-2021-03-25-x86_64-unknown-linux-gnu/lib::/home/bgrieder/.sdkman/candidates/java/8.0.232-amzn/jre/lib/amd64/server/:/home/bgrieder/.sdkman/candidates/java/8.0.232-amzn/jre/lib/amd64/server/' rustc --crate-name build_script_build --edition=2018 /home/bgrieder/projects/mpc_millionaires/vendor/scale-core/build.rs --error-format=json --json=diagnostic-rendered-ansi --crate-type bin --emit=dep-info,link -C embed-bitcode=no -C debuginfo=2 -C overflow-checks=off -C metadata=874c26c21c7c4bdc -C extra-filename=-874c26c21c7c4bdc --out-dir /home/bgrieder/projects/mpc_millionaires/target/debug/build/scale-core-874c26c21c7c4bdc -L dependency=/home/bgrieder/projects/mpc_millionaires/target/debug/deps --cap-lints warn`
     Running `CARGO=/home/bgrieder/.rustup/toolchains/nightly-2021-03-25-x86_64-unknown-linux-gnu/bin/cargo CARGO_CRATE_NAME=indenter CARGO_MANIFEST_DIR=/home/bgrieder/projects/mpc_millionaires/vendor/indenter CARGO_PKG_AUTHORS='Jane Lusby <jlusby@yaah.dev>' CARGO_PKG_DESCRIPTION='A formatter wrapper that indents the text, designed for error display impls
' CARGO_PKG_HOMEPAGE='https://github.com/yaahc/indenter' CARGO_PKG_LICENSE='MIT OR Apache-2.0' CARGO_PKG_LICENSE_FILE='' CARGO_PKG_NAME=indenter CARGO_PKG_REPOSITORY='https://github.com/yaahc/indenter' CARGO_PKG_VERSION=0.3.2 CARGO_PKG_VERSION_MAJOR=0 CARGO_PKG_VERSION_MINOR=3 CARGO_PKG_VERSION_PATCH=2 CARGO_PKG_VERSION_PRE='' LD_LIBRARY_PATH='/home/bgrieder/projects/mpc_millionaires/target/debug/deps:/home/bgrieder/.rustup/toolchains/nightly-2021-03-25-x86_64-unknown-linux-gnu/lib:/home/bgrieder/.rustup/toolchains/nightly-2021-03-25-x86_64-unknown-linux-gnu/lib::/home/bgrieder/.sdkman/candidates/java/8.0.232-amzn/jre/lib/amd64/server/:/home/bgrieder/.sdkman/candidates/java/8.0.232-amzn/jre/lib/amd64/server/' rustc --crate-name indenter --edition=2018 /home/bgrieder/projects/mpc_millionaires/vendor/indenter/src/lib.rs --error-format=json --json=diagnostic-rendered-ansi,artifacts --crate-type lib --emit=dep-info,metadata,link -C embed-bitcode=no -C debuginfo=2 -C overflow-checks=off -C metadata=717c452f063087de -C extra-filename=-717c452f063087de --out-dir /home/bgrieder/projects/mpc_millionaires/target/debug/deps -L dependency=/home/bgrieder/projects/mpc_millionaires/target/debug/deps --cap-lints warn`
   Compiling tracing-core v0.1.17
     Running `CARGO=/home/bgrieder/.rustup/toolchains/nightly-2021-03-25-x86_64-unknown-linux-gnu/bin/cargo CARGO_CRATE_NAME=tracing_core CARGO_MANIFEST_DIR=/home/bgrieder/projects/mpc_millionaires/vendor/tracing-core CARGO_PKG_AUTHORS='Tokio Contributors <team@tokio.rs>' CARGO_PKG_DESCRIPTION='Core primitives for application-level tracing.
' CARGO_PKG_HOMEPAGE='https://tokio.rs' CARGO_PKG_LICENSE=MIT CARGO_PKG_LICENSE_FILE='' CARGO_PKG_NAME=tracing-core CARGO_PKG_REPOSITORY='https://github.com/tokio-rs/tracing' CARGO_PKG_VERSION=0.1.17 CARGO_PKG_VERSION_MAJOR=0 CARGO_PKG_VERSION_MINOR=1 CARGO_PKG_VERSION_PATCH=17 CARGO_PKG_VERSION_PRE='' LD_LIBRARY_PATH='/home/bgrieder/projects/mpc_millionaires/target/debug/deps:/home/bgrieder/.rustup/toolchains/nightly-2021-03-25-x86_64-unknown-linux-gnu/lib:/home/bgrieder/.rustup/toolchains/nightly-2021-03-25-x86_64-unknown-linux-gnu/lib::/home/bgrieder/.sdkman/candidates/java/8.0.232-amzn/jre/lib/amd64/server/:/home/bgrieder/.sdkman/candidates/java/8.0.232-amzn/jre/lib/amd64/server/' rustc --crate-name tracing_core --edition=2018 /home/bgrieder/projects/mpc_millionaires/vendor/tracing-core/src/lib.rs --error-format=json --json=diagnostic-rendered-ansi,artifacts --crate-type lib --emit=dep-info,metadata,link -C embed-bitcode=no -C debuginfo=2 -C overflow-checks=off --cfg 'feature="lazy_static"' --cfg 'feature="std"' -C metadata=ee21c75934952ff3 -C extra-filename=-ee21c75934952ff3 --out-dir /home/bgrieder/projects/mpc_millionaires/target/debug/deps -L dependency=/home/bgrieder/projects/mpc_millionaires/target/debug/deps --extern lazy_static=/home/bgrieder/projects/mpc_millionaires/target/debug/deps/liblazy_static-66df9d26f1afb990.rmeta --cap-lints warn`
warning: use of deprecated associated function `std::sync::atomic::AtomicUsize::compare_and_swap`: Use `compare_exchange` or `compare_exchange_weak` instead
   --> /home/bgrieder/projects/mpc_millionaires/vendor/once_cell/src/imp_std.rs:154:46
    |
154 |                 let old = my_state_and_queue.compare_and_swap(
    |                                              ^^^^^^^^^^^^^^^^
    |
    = note: `#[warn(deprecated)]` on by default

warning: use of deprecated associated function `std::sync::atomic::AtomicUsize::compare_and_swap`: Use `compare_exchange` or `compare_exchange_weak` instead
   --> /home/bgrieder/projects/mpc_millionaires/vendor/once_cell/src/imp_std.rs:196:35
    |
196 |         let old = state_and_queue.compare_and_swap(current_state, me | RUNNING, Ordering::Release);
    |                                   ^^^^^^^^^^^^^^^^

warning: 2 warnings emitted

     Running `/home/bgrieder/projects/mpc_millionaires/target/debug/build/scale-core-874c26c21c7c4bdc/build-script-build`
[scale-core 0.1.1] cargo:rerun-if-changed=./SharingData.txt
[scale-core 0.1.1] cargo:rerun-if-env-changed=SHARING_DATA
warning: use of deprecated associated function `std::sync::atomic::AtomicUsize::compare_and_swap`: Use `compare_exchange` or `compare_exchange_weak` instead
   --> /home/bgrieder/projects/mpc_millionaires/vendor/tracing-core/src/dispatcher.rs:283:20
    |
283 |     if GLOBAL_INIT.compare_and_swap(UNINITIALIZED, INITIALIZING, Ordering::SeqCst) == UNINITIALIZED
    |                    ^^^^^^^^^^^^^^^^
    |
    = note: `#[warn(deprecated)]` on by default

warning: trait objects without an explicit `dyn` are deprecated
   --> /home/bgrieder/projects/mpc_millionaires/vendor/tracing-core/src/dispatcher.rs:635:9
    |
635 |         Subscriber::is::<T>(&*self.subscriber)
    |         ^^^^^^^^^^ help: use `dyn`: `<dyn Subscriber>`
    |
note: the lint level is defined here
   --> /home/bgrieder/projects/mpc_millionaires/vendor/tracing-core/src/lib.rs:98:5
    |
98  |     rust_2018_idioms,
    |     ^^^^^^^^^^^^^^^^
    = note: `#[warn(bare_trait_objects)]` implied by `#[warn(rust_2018_idioms)]`

warning: trait objects without an explicit `dyn` are deprecated
   --> /home/bgrieder/projects/mpc_millionaires/vendor/tracing-core/src/dispatcher.rs:642:9
    |
642 |         Subscriber::downcast_ref(&*self.subscriber)
    |         ^^^^^^^^^^ help: use `dyn`: `<dyn Subscriber>`

   Compiling num-traits v0.2.14
   Compiling num-integer v0.1.44
   Compiling num-bigint v0.3.1
     Running `CARGO=/home/bgrieder/.rustup/toolchains/nightly-2021-03-25-x86_64-unknown-linux-gnu/bin/cargo CARGO_CRATE_NAME=build_script_build CARGO_MANIFEST_DIR=/home/bgrieder/projects/mpc_millionaires/vendor/num-traits CARGO_PKG_AUTHORS='The Rust Project Developers' CARGO_PKG_DESCRIPTION='Numeric traits for generic mathematics' CARGO_PKG_HOMEPAGE='https://github.com/rust-num/num-traits' CARGO_PKG_LICENSE='MIT OR Apache-2.0' CARGO_PKG_LICENSE_FILE='' CARGO_PKG_NAME=num-traits CARGO_PKG_REPOSITORY='https://github.com/rust-num/num-traits' CARGO_PKG_VERSION=0.2.14 CARGO_PKG_VERSION_MAJOR=0 CARGO_PKG_VERSION_MINOR=2 CARGO_PKG_VERSION_PATCH=14 CARGO_PKG_VERSION_PRE='' LD_LIBRARY_PATH='/home/bgrieder/projects/mpc_millionaires/target/debug/deps:/home/bgrieder/.rustup/toolchains/nightly-2021-03-25-x86_64-unknown-linux-gnu/lib:/home/bgrieder/.rustup/toolchains/nightly-2021-03-25-x86_64-unknown-linux-gnu/lib::/home/bgrieder/.sdkman/candidates/java/8.0.232-amzn/jre/lib/amd64/server/:/home/bgrieder/.sdkman/candidates/java/8.0.232-amzn/jre/lib/amd64/server/' rustc --crate-name build_script_build /home/bgrieder/projects/mpc_millionaires/vendor/num-traits/build.rs --error-format=json --json=diagnostic-rendered-ansi --crate-type bin --emit=dep-info,link -C embed-bitcode=no -C debuginfo=2 -C overflow-checks=off --cfg 'feature="default"' --cfg 'feature="i128"' --cfg 'feature="std"' -C metadata=a882daa5b8a9f61c -C extra-filename=-a882daa5b8a9f61c --out-dir /home/bgrieder/projects/mpc_millionaires/target/debug/build/num-traits-a882daa5b8a9f61c -L dependency=/home/bgrieder/projects/mpc_millionaires/target/debug/deps --extern autocfg=/home/bgrieder/projects/mpc_millionaires/target/debug/deps/libautocfg-49c81ba0e88f48ae.rlib --cap-lints warn`
     Running `CARGO=/home/bgrieder/.rustup/toolchains/nightly-2021-03-25-x86_64-unknown-linux-gnu/bin/cargo CARGO_CRATE_NAME=build_script_build CARGO_MANIFEST_DIR=/home/bgrieder/projects/mpc_millionaires/vendor/num-integer CARGO_PKG_AUTHORS='The Rust Project Developers' CARGO_PKG_DESCRIPTION='Integer traits and functions' CARGO_PKG_HOMEPAGE='https://github.com/rust-num/num-integer' CARGO_PKG_LICENSE='MIT OR Apache-2.0' CARGO_PKG_LICENSE_FILE='' CARGO_PKG_NAME=num-integer CARGO_PKG_REPOSITORY='https://github.com/rust-num/num-integer' CARGO_PKG_VERSION=0.1.44 CARGO_PKG_VERSION_MAJOR=0 CARGO_PKG_VERSION_MINOR=1 CARGO_PKG_VERSION_PATCH=44 CARGO_PKG_VERSION_PRE='' LD_LIBRARY_PATH='/home/bgrieder/projects/mpc_millionaires/target/debug/deps:/home/bgrieder/.rustup/toolchains/nightly-2021-03-25-x86_64-unknown-linux-gnu/lib:/home/bgrieder/.rustup/toolchains/nightly-2021-03-25-x86_64-unknown-linux-gnu/lib::/home/bgrieder/.sdkman/candidates/java/8.0.232-amzn/jre/lib/amd64/server/:/home/bgrieder/.sdkman/candidates/java/8.0.232-amzn/jre/lib/amd64/server/' rustc --crate-name build_script_build /home/bgrieder/projects/mpc_millionaires/vendor/num-integer/build.rs --error-format=json --json=diagnostic-rendered-ansi --crate-type bin --emit=dep-info,link -C embed-bitcode=no -C debuginfo=2 -C overflow-checks=off --cfg 'feature="default"' --cfg 'feature="i128"' --cfg 'feature="std"' -C metadata=15a0d87a6e8a6b27 -C extra-filename=-15a0d87a6e8a6b27 --out-dir /home/bgrieder/projects/mpc_millionaires/target/debug/build/num-integer-15a0d87a6e8a6b27 -L dependency=/home/bgrieder/projects/mpc_millionaires/target/debug/deps --extern autocfg=/home/bgrieder/projects/mpc_millionaires/target/debug/deps/libautocfg-49c81ba0e88f48ae.rlib --cap-lints warn`
     Running `CARGO=/home/bgrieder/.rustup/toolchains/nightly-2021-03-25-x86_64-unknown-linux-gnu/bin/cargo CARGO_CRATE_NAME=build_script_build CARGO_MANIFEST_DIR=/home/bgrieder/projects/mpc_millionaires/vendor/num-bigint CARGO_PKG_AUTHORS='The Rust Project Developers' CARGO_PKG_DESCRIPTION='Big integer implementation for Rust' CARGO_PKG_HOMEPAGE='https://github.com/rust-num/num-bigint' CARGO_PKG_LICENSE='MIT OR Apache-2.0' CARGO_PKG_LICENSE_FILE='' CARGO_PKG_NAME=num-bigint CARGO_PKG_REPOSITORY='https://github.com/rust-num/num-bigint' CARGO_PKG_VERSION=0.3.1 CARGO_PKG_VERSION_MAJOR=0 CARGO_PKG_VERSION_MINOR=3 CARGO_PKG_VERSION_PATCH=1 CARGO_PKG_VERSION_PRE='' LD_LIBRARY_PATH='/home/bgrieder/projects/mpc_millionaires/target/debug/deps:/home/bgrieder/.rustup/toolchains/nightly-2021-03-25-x86_64-unknown-linux-gnu/lib:/home/bgrieder/.rustup/toolchains/nightly-2021-03-25-x86_64-unknown-linux-gnu/lib::/home/bgrieder/.sdkman/candidates/java/8.0.232-amzn/jre/lib/amd64/server/:/home/bgrieder/.sdkman/candidates/java/8.0.232-amzn/jre/lib/amd64/server/' rustc --crate-name build_script_build --edition=2018 /home/bgrieder/projects/mpc_millionaires/vendor/num-bigint/build.rs --error-format=json --json=diagnostic-rendered-ansi --crate-type bin --emit=dep-info,link -C embed-bitcode=no -C debuginfo=2 -C overflow-checks=off --cfg 'feature="default"' --cfg 'feature="std"' -C metadata=c4cda37d3d0fd0d4 -C extra-filename=-c4cda37d3d0fd0d4 --out-dir /home/bgrieder/projects/mpc_millionaires/target/debug/build/num-bigint-c4cda37d3d0fd0d4 -L dependency=/home/bgrieder/projects/mpc_millionaires/target/debug/deps --extern autocfg=/home/bgrieder/projects/mpc_millionaires/target/debug/deps/libautocfg-49c81ba0e88f48ae.rlib --cap-lints warn`
     Running `/home/bgrieder/projects/mpc_millionaires/target/debug/build/eyre-33359700d9cafba3/build-script-build`
     Running `/home/bgrieder/projects/mpc_millionaires/target/debug/build/syn-ed91e280ea1bbcc0/build-script-build`
     Running `/home/bgrieder/projects/mpc_millionaires/target/debug/build/proc-macro2-19be77583cb3f518/build-script-build`
[proc-macro2 1.0.24] cargo:rerun-if-changed=build.rs
[eyre 0.6.5] cargo:rustc-cfg=backtrace
[proc-macro2 1.0.24] cargo:rustc-cfg=lexerror_display
[proc-macro2 1.0.24] cargo:rustc-cfg=hygiene
[proc-macro2 1.0.24] cargo:rustc-cfg=use_proc_macro
[proc-macro2 1.0.24] cargo:rustc-cfg=wrap_proc_macro
[proc-macro2 1.0.24] cargo:rustc-cfg=proc_macro_span
     Running `CARGO=/home/bgrieder/.rustup/toolchains/nightly-2021-03-25-x86_64-unknown-linux-gnu/bin/cargo CARGO_CRATE_NAME=proc_macro2 CARGO_MANIFEST_DIR=/home/bgrieder/projects/mpc_millionaires/vendor/proc-macro2 CARGO_PKG_AUTHORS='Alex Crichton <alex@alexcrichton.com>:David Tolnay <dtolnay@gmail.com>' CARGO_PKG_DESCRIPTION='A substitute implementation of the compiler'\''s `proc_macro` API to decouple
token-based libraries from the procedural macro use case.
' CARGO_PKG_HOMEPAGE='' CARGO_PKG_LICENSE='MIT OR Apache-2.0' CARGO_PKG_LICENSE_FILE='' CARGO_PKG_NAME=proc-macro2 CARGO_PKG_REPOSITORY='https://github.com/alexcrichton/proc-macro2' CARGO_PKG_VERSION=1.0.24 CARGO_PKG_VERSION_MAJOR=1 CARGO_PKG_VERSION_MINOR=0 CARGO_PKG_VERSION_PATCH=24 CARGO_PKG_VERSION_PRE='' LD_LIBRARY_PATH='/home/bgrieder/projects/mpc_millionaires/target/debug/deps:/home/bgrieder/.rustup/toolchains/nightly-2021-03-25-x86_64-unknown-linux-gnu/lib:/home/bgrieder/.rustup/toolchains/nightly-2021-03-25-x86_64-unknown-linux-gnu/lib::/home/bgrieder/.sdkman/candidates/java/8.0.232-amzn/jre/lib/amd64/server/:/home/bgrieder/.sdkman/candidates/java/8.0.232-amzn/jre/lib/amd64/server/' OUT_DIR=/home/bgrieder/projects/mpc_millionaires/target/debug/build/proc-macro2-6b2fec6534714b4d/out rustc --crate-name proc_macro2 --edition=2018 /home/bgrieder/projects/mpc_millionaires/vendor/proc-macro2/src/lib.rs --error-format=json --json=diagnostic-rendered-ansi,artifacts --crate-type lib --emit=dep-info,metadata,link -C embed-bitcode=no -C debuginfo=2 -C overflow-checks=off --cfg 'feature="default"' --cfg 'feature="proc-macro"' -C metadata=e72f218ce5f416a8 -C extra-filename=-e72f218ce5f416a8 --out-dir /home/bgrieder/projects/mpc_millionaires/target/debug/deps -L dependency=/home/bgrieder/projects/mpc_millionaires/target/debug/deps --extern unicode_xid=/home/bgrieder/projects/mpc_millionaires/target/debug/deps/libunicode_xid-a657f47fd880084f.rmeta --cap-lints warn --cfg lexerror_display --cfg hygiene --cfg use_proc_macro --cfg wrap_proc_macro --cfg proc_macro_span`
[eyre 0.6.5] cargo:rustc-cfg=track_caller
     Running `CARGO=/home/bgrieder/.rustup/toolchains/nightly-2021-03-25-x86_64-unknown-linux-gnu/bin/cargo CARGO_CRATE_NAME=eyre CARGO_MANIFEST_DIR=/home/bgrieder/projects/mpc_millionaires/vendor/eyre CARGO_PKG_AUTHORS='David Tolnay <dtolnay@gmail.com>:Jane Lusby <jlusby42@gmail.com>' CARGO_PKG_DESCRIPTION='Flexible concrete Error Reporting type built on std::error::Error with customizable Reports' CARGO_PKG_HOMEPAGE='' CARGO_PKG_LICENSE='MIT OR Apache-2.0' CARGO_PKG_LICENSE_FILE='' CARGO_PKG_NAME=eyre CARGO_PKG_REPOSITORY='https://github.com/yaahc/eyre' CARGO_PKG_VERSION=0.6.5 CARGO_PKG_VERSION_MAJOR=0 CARGO_PKG_VERSION_MINOR=6 CARGO_PKG_VERSION_PATCH=5 CARGO_PKG_VERSION_PRE='' LD_LIBRARY_PATH='/home/bgrieder/projects/mpc_millionaires/target/debug/deps:/home/bgrieder/.rustup/toolchains/nightly-2021-03-25-x86_64-unknown-linux-gnu/lib:/home/bgrieder/.rustup/toolchains/nightly-2021-03-25-x86_64-unknown-linux-gnu/lib::/home/bgrieder/.sdkman/candidates/java/8.0.232-amzn/jre/lib/amd64/server/:/home/bgrieder/.sdkman/candidates/java/8.0.232-amzn/jre/lib/amd64/server/' OUT_DIR=/home/bgrieder/projects/mpc_millionaires/target/debug/build/eyre-01677f8428cbf2f3/out rustc --crate-name eyre --edition=2018 /home/bgrieder/projects/mpc_millionaires/vendor/eyre/src/lib.rs --error-format=json --json=diagnostic-rendered-ansi,artifacts --crate-type lib --emit=dep-info,metadata,link -C embed-bitcode=no -C debuginfo=2 -C overflow-checks=off --cfg 'feature="default"' --cfg 'feature="track-caller"' -C metadata=1b16bb37ffc08ebe -C extra-filename=-1b16bb37ffc08ebe --out-dir /home/bgrieder/projects/mpc_millionaires/target/debug/deps -L dependency=/home/bgrieder/projects/mpc_millionaires/target/debug/deps --extern indenter=/home/bgrieder/projects/mpc_millionaires/target/debug/deps/libindenter-717c452f063087de.rmeta --extern once_cell=/home/bgrieder/projects/mpc_millionaires/target/debug/deps/libonce_cell-6dc20b56cc358ea4.rmeta --cap-lints warn --cfg backtrace --cfg track_caller`
     Running `/home/bgrieder/projects/mpc_millionaires/target/debug/build/num-integer-15a0d87a6e8a6b27/build-script-build`
[num-integer 0.1.44] cargo:rustc-cfg=has_i128
[num-integer 0.1.44] cargo:rerun-if-changed=build.rs
warning: 3 warnings emitted

     Running `/home/bgrieder/projects/mpc_millionaires/target/debug/build/num-traits-a882daa5b8a9f61c/build-script-build`
     Running `/home/bgrieder/projects/mpc_millionaires/target/debug/build/num-bigint-c4cda37d3d0fd0d4/build-script-build`
[num-bigint 0.3.1] cargo:rustc-cfg=u64_digit
[num-traits 0.2.14] cargo:rustc-cfg=has_i128
[num-traits 0.2.14] cargo:rustc-cfg=has_to_int_unchecked
[num-traits 0.2.14] cargo:rerun-if-changed=build.rs
     Running `CARGO=/home/bgrieder/.rustup/toolchains/nightly-2021-03-25-x86_64-unknown-linux-gnu/bin/cargo CARGO_CRATE_NAME=num_traits CARGO_MANIFEST_DIR=/home/bgrieder/projects/mpc_millionaires/vendor/num-traits CARGO_PKG_AUTHORS='The Rust Project Developers' CARGO_PKG_DESCRIPTION='Numeric traits for generic mathematics' CARGO_PKG_HOMEPAGE='https://github.com/rust-num/num-traits' CARGO_PKG_LICENSE='MIT OR Apache-2.0' CARGO_PKG_LICENSE_FILE='' CARGO_PKG_NAME=num-traits CARGO_PKG_REPOSITORY='https://github.com/rust-num/num-traits' CARGO_PKG_VERSION=0.2.14 CARGO_PKG_VERSION_MAJOR=0 CARGO_PKG_VERSION_MINOR=2 CARGO_PKG_VERSION_PATCH=14 CARGO_PKG_VERSION_PRE='' LD_LIBRARY_PATH='/home/bgrieder/projects/mpc_millionaires/target/debug/deps:/home/bgrieder/.rustup/toolchains/nightly-2021-03-25-x86_64-unknown-linux-gnu/lib:/home/bgrieder/.rustup/toolchains/nightly-2021-03-25-x86_64-unknown-linux-gnu/lib::/home/bgrieder/.sdkman/candidates/java/8.0.232-amzn/jre/lib/amd64/server/:/home/bgrieder/.sdkman/candidates/java/8.0.232-amzn/jre/lib/amd64/server/' OUT_DIR=/home/bgrieder/projects/mpc_millionaires/target/debug/build/num-traits-ae5f6b126937b3e9/out rustc --crate-name num_traits /home/bgrieder/projects/mpc_millionaires/vendor/num-traits/src/lib.rs --error-format=json --json=diagnostic-rendered-ansi,artifacts --crate-type lib --emit=dep-info,metadata,link -C embed-bitcode=no -C debuginfo=2 -C overflow-checks=off --cfg 'feature="default"' --cfg 'feature="i128"' --cfg 'feature="std"' -C metadata=54451941491a9b61 -C extra-filename=-54451941491a9b61 --out-dir /home/bgrieder/projects/mpc_millionaires/target/debug/deps -L dependency=/home/bgrieder/projects/mpc_millionaires/target/debug/deps --cap-lints warn --cfg has_i128 --cfg has_to_int_unchecked`
   Compiling quote v1.0.8
     Running `CARGO=/home/bgrieder/.rustup/toolchains/nightly-2021-03-25-x86_64-unknown-linux-gnu/bin/cargo CARGO_CRATE_NAME=quote CARGO_MANIFEST_DIR=/home/bgrieder/projects/mpc_millionaires/vendor/quote CARGO_PKG_AUTHORS='David Tolnay <dtolnay@gmail.com>' CARGO_PKG_DESCRIPTION='Quasi-quoting macro quote'\!'(...)' CARGO_PKG_HOMEPAGE='' CARGO_PKG_LICENSE='MIT OR Apache-2.0' CARGO_PKG_LICENSE_FILE='' CARGO_PKG_NAME=quote CARGO_PKG_REPOSITORY='https://github.com/dtolnay/quote' CARGO_PKG_VERSION=1.0.8 CARGO_PKG_VERSION_MAJOR=1 CARGO_PKG_VERSION_MINOR=0 CARGO_PKG_VERSION_PATCH=8 CARGO_PKG_VERSION_PRE='' LD_LIBRARY_PATH='/home/bgrieder/projects/mpc_millionaires/target/debug/deps:/home/bgrieder/.rustup/toolchains/nightly-2021-03-25-x86_64-unknown-linux-gnu/lib:/home/bgrieder/.rustup/toolchains/nightly-2021-03-25-x86_64-unknown-linux-gnu/lib::/home/bgrieder/.sdkman/candidates/java/8.0.232-amzn/jre/lib/amd64/server/:/home/bgrieder/.sdkman/candidates/java/8.0.232-amzn/jre/lib/amd64/server/' rustc --crate-name quote --edition=2018 /home/bgrieder/projects/mpc_millionaires/vendor/quote/src/lib.rs --error-format=json --json=diagnostic-rendered-ansi,artifacts --crate-type lib --emit=dep-info,metadata,link -C embed-bitcode=no -C debuginfo=2 -C overflow-checks=off --cfg 'feature="default"' --cfg 'feature="proc-macro"' -C metadata=32a009d6763914f3 -C extra-filename=-32a009d6763914f3 --out-dir /home/bgrieder/projects/mpc_millionaires/target/debug/deps -L dependency=/home/bgrieder/projects/mpc_millionaires/target/debug/deps --extern proc_macro2=/home/bgrieder/projects/mpc_millionaires/target/debug/deps/libproc_macro2-e72f218ce5f416a8.rmeta --cap-lints warn`
[num-bigint 0.3.1] cargo:rustc-cfg=has_try_from
[num-bigint 0.3.1] cargo:rustc-cfg=use_addcarry
[num-bigint 0.3.1] cargo:rerun-if-changed=build.rs
     Running `CARGO=/home/bgrieder/.rustup/toolchains/nightly-2021-03-25-x86_64-unknown-linux-gnu/bin/cargo CARGO_CRATE_NAME=syn CARGO_MANIFEST_DIR=/home/bgrieder/projects/mpc_millionaires/vendor/syn CARGO_PKG_AUTHORS='David Tolnay <dtolnay@gmail.com>' CARGO_PKG_DESCRIPTION='Parser for Rust source code' CARGO_PKG_HOMEPAGE='' CARGO_PKG_LICENSE='MIT OR Apache-2.0' CARGO_PKG_LICENSE_FILE='' CARGO_PKG_NAME=syn CARGO_PKG_REPOSITORY='https://github.com/dtolnay/syn' CARGO_PKG_VERSION=1.0.58 CARGO_PKG_VERSION_MAJOR=1 CARGO_PKG_VERSION_MINOR=0 CARGO_PKG_VERSION_PATCH=58 CARGO_PKG_VERSION_PRE='' LD_LIBRARY_PATH='/home/bgrieder/projects/mpc_millionaires/target/debug/deps:/home/bgrieder/.rustup/toolchains/nightly-2021-03-25-x86_64-unknown-linux-gnu/lib:/home/bgrieder/.rustup/toolchains/nightly-2021-03-25-x86_64-unknown-linux-gnu/lib::/home/bgrieder/.sdkman/candidates/java/8.0.232-amzn/jre/lib/amd64/server/:/home/bgrieder/.sdkman/candidates/java/8.0.232-amzn/jre/lib/amd64/server/' OUT_DIR=/home/bgrieder/projects/mpc_millionaires/target/debug/build/syn-0819a756547e4a22/out rustc --crate-name syn --edition=2018 /home/bgrieder/projects/mpc_millionaires/vendor/syn/src/lib.rs --error-format=json --json=diagnostic-rendered-ansi --crate-type lib --emit=dep-info,metadata,link -C embed-bitcode=no -C debuginfo=2 -C overflow-checks=off --cfg 'feature="clone-impls"' --cfg 'feature="default"' --cfg 'feature="derive"' --cfg 'feature="extra-traits"' --cfg 'feature="full"' --cfg 'feature="parsing"' --cfg 'feature="printing"' --cfg 'feature="proc-macro"' --cfg 'feature="quote"' --cfg 'feature="visit-mut"' -C metadata=1e0274567a182596 -C extra-filename=-1e0274567a182596 --out-dir /home/bgrieder/projects/mpc_millionaires/target/debug/deps -L dependency=/home/bgrieder/projects/mpc_millionaires/target/debug/deps --extern proc_macro2=/home/bgrieder/projects/mpc_millionaires/target/debug/deps/libproc_macro2-e72f218ce5f416a8.rmeta --extern quote=/home/bgrieder/projects/mpc_millionaires/target/debug/deps/libquote-32a009d6763914f3.rmeta --extern unicode_xid=/home/bgrieder/projects/mpc_millionaires/target/debug/deps/libunicode_xid-a657f47fd880084f.rmeta --cap-lints warn`
     Running `CARGO=/home/bgrieder/.rustup/toolchains/nightly-2021-03-25-x86_64-unknown-linux-gnu/bin/cargo CARGO_CRATE_NAME=num_integer CARGO_MANIFEST_DIR=/home/bgrieder/projects/mpc_millionaires/vendor/num-integer CARGO_PKG_AUTHORS='The Rust Project Developers' CARGO_PKG_DESCRIPTION='Integer traits and functions' CARGO_PKG_HOMEPAGE='https://github.com/rust-num/num-integer' CARGO_PKG_LICENSE='MIT OR Apache-2.0' CARGO_PKG_LICENSE_FILE='' CARGO_PKG_NAME=num-integer CARGO_PKG_REPOSITORY='https://github.com/rust-num/num-integer' CARGO_PKG_VERSION=0.1.44 CARGO_PKG_VERSION_MAJOR=0 CARGO_PKG_VERSION_MINOR=1 CARGO_PKG_VERSION_PATCH=44 CARGO_PKG_VERSION_PRE='' LD_LIBRARY_PATH='/home/bgrieder/projects/mpc_millionaires/target/debug/deps:/home/bgrieder/.rustup/toolchains/nightly-2021-03-25-x86_64-unknown-linux-gnu/lib:/home/bgrieder/.rustup/toolchains/nightly-2021-03-25-x86_64-unknown-linux-gnu/lib::/home/bgrieder/.sdkman/candidates/java/8.0.232-amzn/jre/lib/amd64/server/:/home/bgrieder/.sdkman/candidates/java/8.0.232-amzn/jre/lib/amd64/server/' OUT_DIR=/home/bgrieder/projects/mpc_millionaires/target/debug/build/num-integer-a2e901d466e25633/out rustc --crate-name num_integer /home/bgrieder/projects/mpc_millionaires/vendor/num-integer/src/lib.rs --error-format=json --json=diagnostic-rendered-ansi,artifacts --crate-type lib --emit=dep-info,metadata,link -C embed-bitcode=no -C debuginfo=2 -C overflow-checks=off --cfg 'feature="default"' --cfg 'feature="i128"' --cfg 'feature="std"' -C metadata=b66d637a0c492891 -C extra-filename=-b66d637a0c492891 --out-dir /home/bgrieder/projects/mpc_millionaires/target/debug/deps -L dependency=/home/bgrieder/projects/mpc_millionaires/target/debug/deps --extern num_traits=/home/bgrieder/projects/mpc_millionaires/target/debug/deps/libnum_traits-54451941491a9b61.rmeta --cap-lints warn --cfg has_i128`
     Running `CARGO=/home/bgrieder/.rustup/toolchains/nightly-2021-03-25-x86_64-unknown-linux-gnu/bin/cargo CARGO_CRATE_NAME=num_bigint CARGO_MANIFEST_DIR=/home/bgrieder/projects/mpc_millionaires/vendor/num-bigint CARGO_PKG_AUTHORS='The Rust Project Developers' CARGO_PKG_DESCRIPTION='Big integer implementation for Rust' CARGO_PKG_HOMEPAGE='https://github.com/rust-num/num-bigint' CARGO_PKG_LICENSE='MIT OR Apache-2.0' CARGO_PKG_LICENSE_FILE='' CARGO_PKG_NAME=num-bigint CARGO_PKG_REPOSITORY='https://github.com/rust-num/num-bigint' CARGO_PKG_VERSION=0.3.1 CARGO_PKG_VERSION_MAJOR=0 CARGO_PKG_VERSION_MINOR=3 CARGO_PKG_VERSION_PATCH=1 CARGO_PKG_VERSION_PRE='' LD_LIBRARY_PATH='/home/bgrieder/projects/mpc_millionaires/target/debug/deps:/home/bgrieder/.rustup/toolchains/nightly-2021-03-25-x86_64-unknown-linux-gnu/lib:/home/bgrieder/.rustup/toolchains/nightly-2021-03-25-x86_64-unknown-linux-gnu/lib::/home/bgrieder/.sdkman/candidates/java/8.0.232-amzn/jre/lib/amd64/server/:/home/bgrieder/.sdkman/candidates/java/8.0.232-amzn/jre/lib/amd64/server/' OUT_DIR=/home/bgrieder/projects/mpc_millionaires/target/debug/build/num-bigint-e3b0f27ad46c1a57/out rustc --crate-name num_bigint --edition=2018 /home/bgrieder/projects/mpc_millionaires/vendor/num-bigint/src/lib.rs --error-format=json --json=diagnostic-rendered-ansi --crate-type lib --emit=dep-info,metadata,link -C embed-bitcode=no -C debuginfo=2 -C overflow-checks=off --cfg 'feature="default"' --cfg 'feature="std"' -C metadata=5a8eff1d7c57265f -C extra-filename=-5a8eff1d7c57265f --out-dir /home/bgrieder/projects/mpc_millionaires/target/debug/deps -L dependency=/home/bgrieder/projects/mpc_millionaires/target/debug/deps --extern num_integer=/home/bgrieder/projects/mpc_millionaires/target/debug/deps/libnum_integer-b66d637a0c492891.rmeta --extern num_traits=/home/bgrieder/projects/mpc_millionaires/target/debug/deps/libnum_traits-54451941491a9b61.rmeta --cap-lints warn --cfg u64_digit --cfg has_try_from --cfg use_addcarry`
   Compiling tracing-attributes v0.1.11
   Compiling scale_documentation_parser v0.1.1
     Running `CARGO=/home/bgrieder/.rustup/toolchains/nightly-2021-03-25-x86_64-unknown-linux-gnu/bin/cargo CARGO_CRATE_NAME=tracing_attributes CARGO_MANIFEST_DIR=/home/bgrieder/projects/mpc_millionaires/vendor/tracing-attributes CARGO_PKG_AUTHORS='Tokio Contributors <team@tokio.rs>:Eliza Weisman <eliza@buoyant.io>:David Barsky <dbarsky@amazon.com>' CARGO_PKG_DESCRIPTION='Procedural macro attributes for automatically instrumenting functions.
' CARGO_PKG_HOMEPAGE='https://tokio.rs' CARGO_PKG_LICENSE=MIT CARGO_PKG_LICENSE_FILE='' CARGO_PKG_NAME=tracing-attributes CARGO_PKG_REPOSITORY='https://github.com/tokio-rs/tracing' CARGO_PKG_VERSION=0.1.11 CARGO_PKG_VERSION_MAJOR=0 CARGO_PKG_VERSION_MINOR=1 CARGO_PKG_VERSION_PATCH=11 CARGO_PKG_VERSION_PRE='' LD_LIBRARY_PATH='/home/bgrieder/projects/mpc_millionaires/target/debug/deps:/home/bgrieder/.rustup/toolchains/nightly-2021-03-25-x86_64-unknown-linux-gnu/lib:/home/bgrieder/.rustup/toolchains/nightly-2021-03-25-x86_64-unknown-linux-gnu/lib::/home/bgrieder/.sdkman/candidates/java/8.0.232-amzn/jre/lib/amd64/server/:/home/bgrieder/.sdkman/candidates/java/8.0.232-amzn/jre/lib/amd64/server/' rustc --crate-name tracing_attributes --edition=2018 /home/bgrieder/projects/mpc_millionaires/vendor/tracing-attributes/src/lib.rs --error-format=json --json=diagnostic-rendered-ansi --crate-type proc-macro --emit=dep-info,link -C prefer-dynamic -C embed-bitcode=no -C debuginfo=2 -C overflow-checks=off -C metadata=ac1de08697dcc980 -C extra-filename=-ac1de08697dcc980 --out-dir /home/bgrieder/projects/mpc_millionaires/target/debug/deps -L dependency=/home/bgrieder/projects/mpc_millionaires/target/debug/deps --extern proc_macro2=/home/bgrieder/projects/mpc_millionaires/target/debug/deps/libproc_macro2-e72f218ce5f416a8.rlib --extern quote=/home/bgrieder/projects/mpc_millionaires/target/debug/deps/libquote-32a009d6763914f3.rlib --extern syn=/home/bgrieder/projects/mpc_millionaires/target/debug/deps/libsyn-1e0274567a182596.rlib --extern proc_macro --cap-lints warn`
     Running `CARGO=/home/bgrieder/.rustup/toolchains/nightly-2021-03-25-x86_64-unknown-linux-gnu/bin/cargo CARGO_CRATE_NAME=scale_documentation_parser CARGO_MANIFEST_DIR=/home/bgrieder/projects/mpc_millionaires/vendor/scale_documentation_parser CARGO_PKG_AUTHORS='Oliver Scherer <oliver.scherer@cosmian.com>' CARGO_PKG_DESCRIPTION='a proc macro to parse the structured SCALE documentation into Rust datastructures' CARGO_PKG_HOMEPAGE='' CARGO_PKG_LICENSE='MIT AND Apache-2.0' CARGO_PKG_LICENSE_FILE='' CARGO_PKG_NAME=scale_documentation_parser CARGO_PKG_REPOSITORY='https://github.com/KULeuven-COSIC/SCALE-MAMBA' CARGO_PKG_VERSION=0.1.1 CARGO_PKG_VERSION_MAJOR=0 CARGO_PKG_VERSION_MINOR=1 CARGO_PKG_VERSION_PATCH=1 CARGO_PKG_VERSION_PRE='' LD_LIBRARY_PATH='/home/bgrieder/projects/mpc_millionaires/target/debug/deps:/home/bgrieder/.rustup/toolchains/nightly-2021-03-25-x86_64-unknown-linux-gnu/lib:/home/bgrieder/.rustup/toolchains/nightly-2021-03-25-x86_64-unknown-linux-gnu/lib::/home/bgrieder/.sdkman/candidates/java/8.0.232-amzn/jre/lib/amd64/server/:/home/bgrieder/.sdkman/candidates/java/8.0.232-amzn/jre/lib/amd64/server/' rustc --crate-name scale_documentation_parser --edition=2018 /home/bgrieder/projects/mpc_millionaires/vendor/scale_documentation_parser/src/lib.rs --error-format=json --json=diagnostic-rendered-ansi --crate-type proc-macro --emit=dep-info,link -C prefer-dynamic -C embed-bitcode=no -C debuginfo=2 -C overflow-checks=off -C metadata=3020b07ab1ea4d2e -C extra-filename=-3020b07ab1ea4d2e --out-dir /home/bgrieder/projects/mpc_millionaires/target/debug/deps -L dependency=/home/bgrieder/projects/mpc_millionaires/target/debug/deps --extern proc_macro2=/home/bgrieder/projects/mpc_millionaires/target/debug/deps/libproc_macro2-e72f218ce5f416a8.rlib --extern quote=/home/bgrieder/projects/mpc_millionaires/target/debug/deps/libquote-32a009d6763914f3.rlib --extern syn=/home/bgrieder/projects/mpc_millionaires/target/debug/deps/libsyn-1e0274567a182596.rlib --extern proc_macro --cap-lints warn`
   Compiling scale_documentation v0.1.0
     Running `CARGO=/home/bgrieder/.rustup/toolchains/nightly-2021-03-25-x86_64-unknown-linux-gnu/bin/cargo CARGO_CRATE_NAME=scale_documentation CARGO_MANIFEST_DIR=/home/bgrieder/projects/mpc_millionaires/vendor/scale_documentation CARGO_PKG_AUTHORS='Oliver Scherer <oliver.scherer@cosmian.com>:Benjamin Coenen <benjamin.coenen@cosmian.com>' CARGO_PKG_DESCRIPTION='structured SCALE assembly documentation' CARGO_PKG_HOMEPAGE='' CARGO_PKG_LICENSE='' CARGO_PKG_LICENSE_FILE=License.txt CARGO_PKG_NAME=scale_documentation CARGO_PKG_REPOSITORY='https://github.com/KULeuven-COSIC/SCALE-MAMBA' CARGO_PKG_VERSION=0.1.0 CARGO_PKG_VERSION_MAJOR=0 CARGO_PKG_VERSION_MINOR=1 CARGO_PKG_VERSION_PATCH=0 CARGO_PKG_VERSION_PRE='' LD_LIBRARY_PATH='/home/bgrieder/projects/mpc_millionaires/target/debug/deps:/home/bgrieder/.rustup/toolchains/nightly-2021-03-25-x86_64-unknown-linux-gnu/lib:/home/bgrieder/.rustup/toolchains/nightly-2021-03-25-x86_64-unknown-linux-gnu/lib::/home/bgrieder/.sdkman/candidates/java/8.0.232-amzn/jre/lib/amd64/server/:/home/bgrieder/.sdkman/candidates/java/8.0.232-amzn/jre/lib/amd64/server/' rustc --crate-name scale_documentation --edition=2018 /home/bgrieder/projects/mpc_millionaires/vendor/scale_documentation/instructions.rs --error-format=json --json=diagnostic-rendered-ansi --crate-type lib --emit=dep-info,metadata,link -C embed-bitcode=no -C debuginfo=2 -C overflow-checks=off -C metadata=eba17696347663ea -C extra-filename=-eba17696347663ea --out-dir /home/bgrieder/projects/mpc_millionaires/target/debug/deps -L dependency=/home/bgrieder/projects/mpc_millionaires/target/debug/deps --extern eyre=/home/bgrieder/projects/mpc_millionaires/target/debug/deps/libeyre-1b16bb37ffc08ebe.rmeta --extern lazy_static=/home/bgrieder/projects/mpc_millionaires/target/debug/deps/liblazy_static-66df9d26f1afb990.rmeta --extern documentation_parser=/home/bgrieder/projects/mpc_millionaires/target/debug/deps/libscale_documentation_parser-3020b07ab1ea4d2e.so --cap-lints warn`
   Compiling tracing v0.1.22
     Running `CARGO=/home/bgrieder/.rustup/toolchains/nightly-2021-03-25-x86_64-unknown-linux-gnu/bin/cargo CARGO_CRATE_NAME=tracing CARGO_MANIFEST_DIR=/home/bgrieder/projects/mpc_millionaires/vendor/tracing CARGO_PKG_AUTHORS='Eliza Weisman <eliza@buoyant.io>:Tokio Contributors <team@tokio.rs>' CARGO_PKG_DESCRIPTION='Application-level tracing for Rust.
' CARGO_PKG_HOMEPAGE='https://tokio.rs' CARGO_PKG_LICENSE=MIT CARGO_PKG_LICENSE_FILE='' CARGO_PKG_NAME=tracing CARGO_PKG_REPOSITORY='https://github.com/tokio-rs/tracing' CARGO_PKG_VERSION=0.1.22 CARGO_PKG_VERSION_MAJOR=0 CARGO_PKG_VERSION_MINOR=1 CARGO_PKG_VERSION_PATCH=22 CARGO_PKG_VERSION_PRE='' LD_LIBRARY_PATH='/home/bgrieder/projects/mpc_millionaires/target/debug/deps:/home/bgrieder/.rustup/toolchains/nightly-2021-03-25-x86_64-unknown-linux-gnu/lib:/home/bgrieder/.rustup/toolchains/nightly-2021-03-25-x86_64-unknown-linux-gnu/lib::/home/bgrieder/.sdkman/candidates/java/8.0.232-amzn/jre/lib/amd64/server/:/home/bgrieder/.sdkman/candidates/java/8.0.232-amzn/jre/lib/amd64/server/' rustc --crate-name tracing --edition=2018 /home/bgrieder/projects/mpc_millionaires/vendor/tracing/src/lib.rs --error-format=json --json=diagnostic-rendered-ansi --crate-type lib --emit=dep-info,metadata,link -C embed-bitcode=no -C debuginfo=2 -C overflow-checks=off --cfg 'feature="attributes"' --cfg 'feature="default"' --cfg 'feature="std"' --cfg 'feature="tracing-attributes"' -C metadata=400fc28283f23232 -C extra-filename=-400fc28283f23232 --out-dir /home/bgrieder/projects/mpc_millionaires/target/debug/deps -L dependency=/home/bgrieder/projects/mpc_millionaires/target/debug/deps --extern cfg_if=/home/bgrieder/projects/mpc_millionaires/target/debug/deps/libcfg_if-7bab0cbf667528cd.rmeta --extern pin_project_lite=/home/bgrieder/projects/mpc_millionaires/target/debug/deps/libpin_project_lite-f5b2a7ac99c36007.rmeta --extern tracing_attributes=/home/bgrieder/projects/mpc_millionaires/target/debug/deps/libtracing_attributes-ac1de08697dcc980.so --extern tracing_core=/home/bgrieder/projects/mpc_millionaires/target/debug/deps/libtracing_core-ee21c75934952ff3.rmeta --cap-lints warn`
   Compiling scale_impl_generator v0.1.1 (/home/bgrieder/projects/mpc_millionaires/src/scale_impl_generator_bgr)
     Running `CARGO=/home/bgrieder/.rustup/toolchains/nightly-2021-03-25-x86_64-unknown-linux-gnu/bin/cargo CARGO_CRATE_NAME=scale_impl_generator CARGO_MANIFEST_DIR=/home/bgrieder/projects/mpc_millionaires/src/scale_impl_generator_bgr CARGO_PKG_AUTHORS='Oliver Scherer <oliver.scherer@cosmian.com>:Benjamin Coenen <benjamin.coenen@cosmian.com>' CARGO_PKG_DESCRIPTION='a proc macro to generate a large percentage of all impls on SCALE crypto primitives' CARGO_PKG_HOMEPAGE='' CARGO_PKG_LICENSE='MIT AND Apache-2.0' CARGO_PKG_LICENSE_FILE='' CARGO_PKG_NAME=scale_impl_generator CARGO_PKG_REPOSITORY='https://github.com/KULeuven-COSIC/SCALE-MAMBA' CARGO_PKG_VERSION=0.1.1 CARGO_PKG_VERSION_MAJOR=0 CARGO_PKG_VERSION_MINOR=1 CARGO_PKG_VERSION_PATCH=1 CARGO_PKG_VERSION_PRE='' LD_LIBRARY_PATH='/home/bgrieder/projects/mpc_millionaires/target/debug/deps:/home/bgrieder/.rustup/toolchains/nightly-2021-03-25-x86_64-unknown-linux-gnu/lib:/home/bgrieder/.rustup/toolchains/nightly-2021-03-25-x86_64-unknown-linux-gnu/lib::/home/bgrieder/.sdkman/candidates/java/8.0.232-amzn/jre/lib/amd64/server/:/home/bgrieder/.sdkman/candidates/java/8.0.232-amzn/jre/lib/amd64/server/' rustc --crate-name scale_impl_generator --edition=2018 src/scale_impl_generator_bgr/src/lib.rs --error-format=json --json=diagnostic-rendered-ansi --crate-type proc-macro --emit=dep-info,link -C prefer-dynamic -C embed-bitcode=no -C debuginfo=2 -C overflow-checks=off -C metadata=d190af63e41b504f -C extra-filename=-d190af63e41b504f --out-dir /home/bgrieder/projects/mpc_millionaires/target/debug/deps -C incremental=/home/bgrieder/projects/mpc_millionaires/target/debug/incremental -L dependency=/home/bgrieder/projects/mpc_millionaires/target/debug/deps --extern num_bigint=/home/bgrieder/projects/mpc_millionaires/target/debug/deps/libnum_bigint-5a8eff1d7c57265f.rlib --extern num_integer=/home/bgrieder/projects/mpc_millionaires/target/debug/deps/libnum_integer-b66d637a0c492891.rlib --extern num_traits=/home/bgrieder/projects/mpc_millionaires/target/debug/deps/libnum_traits-54451941491a9b61.rlib --extern proc_macro2=/home/bgrieder/projects/mpc_millionaires/target/debug/deps/libproc_macro2-e72f218ce5f416a8.rlib --extern quote=/home/bgrieder/projects/mpc_millionaires/target/debug/deps/libquote-32a009d6763914f3.rlib --extern documentation=/home/bgrieder/projects/mpc_millionaires/target/debug/deps/libscale_documentation-eba17696347663ea.rlib --extern syn=/home/bgrieder/projects/mpc_millionaires/target/debug/deps/libsyn-1e0274567a182596.rlib --extern tracing=/home/bgrieder/projects/mpc_millionaires/target/debug/deps/libtracing-400fc28283f23232.rlib --extern proc_macro`
     Running `CARGO=/home/bgrieder/.rustup/toolchains/nightly-2021-03-25-x86_64-unknown-linux-gnu/bin/cargo CARGO_CRATE_NAME=scale_core CARGO_MANIFEST_DIR=/home/bgrieder/projects/mpc_millionaires/vendor/scale-core CARGO_PKG_AUTHORS='Oliver Scherer <oliver.scherer@cosmian.com>:Nigel P. Smart:Benjamin Coenen <benjamin.coenen@cosmian.com>' CARGO_PKG_DESCRIPTION='low level datastructures and functionality for compiling for SCALE via wasm' CARGO_PKG_HOMEPAGE='' CARGO_PKG_LICENSE='' CARGO_PKG_LICENSE_FILE=License.txt CARGO_PKG_NAME=scale-core CARGO_PKG_REPOSITORY='https://github.com/KULeuven-COSIC/SCALE-MAMBA' CARGO_PKG_VERSION=0.1.1 CARGO_PKG_VERSION_MAJOR=0 CARGO_PKG_VERSION_MINOR=1 CARGO_PKG_VERSION_PATCH=1 CARGO_PKG_VERSION_PRE='' LD_LIBRARY_PATH='/home/bgrieder/projects/mpc_millionaires/target/debug/deps:/home/bgrieder/.rustup/toolchains/nightly-2021-03-25-x86_64-unknown-linux-gnu/lib:/home/bgrieder/.rustup/toolchains/nightly-2021-03-25-x86_64-unknown-linux-gnu/lib::/home/bgrieder/.sdkman/candidates/java/8.0.232-amzn/jre/lib/amd64/server/:/home/bgrieder/.sdkman/candidates/java/8.0.232-amzn/jre/lib/amd64/server/' OUT_DIR=/home/bgrieder/projects/mpc_millionaires/target/wasm32-unknown-unknown/debug/build/scale-core-6daaa7f8b64336dc/out rustc --crate-name scale_core --edition=2018 /home/bgrieder/projects/mpc_millionaires/vendor/scale-core/src/lib.rs --error-format=json --json=diagnostic-rendered-ansi,artifacts --crate-type lib --emit=dep-info,metadata,link -C embed-bitcode=no -C debuginfo=2 -C overflow-checks=off -C metadata=cc054a5585e96e47 -C extra-filename=-cc054a5585e96e47 --out-dir /home/bgrieder/projects/mpc_millionaires/target/wasm32-unknown-unknown/debug/deps --target wasm32-unknown-unknown -L dependency=/home/bgrieder/projects/mpc_millionaires/target/wasm32-unknown-unknown/debug/deps -L dependency=/home/bgrieder/projects/mpc_millionaires/target/debug/deps --extern scale_impl_generator=/home/bgrieder/projects/mpc_millionaires/target/debug/deps/libscale_impl_generator-d190af63e41b504f.so --cap-lints warn`
   Compiling scale_std v0.1.0
     Running `CARGO=/home/bgrieder/.rustup/toolchains/nightly-2021-03-25-x86_64-unknown-linux-gnu/bin/cargo CARGO_CRATE_NAME=scale_std CARGO_MANIFEST_DIR=/home/bgrieder/projects/mpc_millionaires/vendor/scale_std CARGO_PKG_AUTHORS='Oliver Scherer <oliver.scherer@cosmian.com>:Nigel P. Smart:Benjamin Coenen <benjamin.coenen@cosmian.com>' CARGO_PKG_DESCRIPTION='datastructures and algorithms to be run on the SCALE engine' CARGO_PKG_HOMEPAGE='' CARGO_PKG_LICENSE='' CARGO_PKG_LICENSE_FILE=License.txt CARGO_PKG_NAME=scale_std CARGO_PKG_REPOSITORY='https://github.com/KULeuven-COSIC/SCALE-MAMBA' CARGO_PKG_VERSION=0.1.0 CARGO_PKG_VERSION_MAJOR=0 CARGO_PKG_VERSION_MINOR=1 CARGO_PKG_VERSION_PATCH=0 CARGO_PKG_VERSION_PRE='' LD_LIBRARY_PATH='/home/bgrieder/projects/mpc_millionaires/target/debug/deps:/home/bgrieder/.rustup/toolchains/nightly-2021-03-25-x86_64-unknown-linux-gnu/lib:/home/bgrieder/.rustup/toolchains/nightly-2021-03-25-x86_64-unknown-linux-gnu/lib::/home/bgrieder/.sdkman/candidates/java/8.0.232-amzn/jre/lib/amd64/server/:/home/bgrieder/.sdkman/candidates/java/8.0.232-amzn/jre/lib/amd64/server/' rustc --crate-name scale_std --edition=2018 /home/bgrieder/projects/mpc_millionaires/vendor/scale_std/src/lib.rs --error-format=json --json=diagnostic-rendered-ansi,artifacts --crate-type lib --emit=dep-info,metadata,link -C embed-bitcode=no -C debuginfo=2 -C overflow-checks=off -C metadata=8c15b05b75b9330c -C extra-filename=-8c15b05b75b9330c --out-dir /home/bgrieder/projects/mpc_millionaires/target/wasm32-unknown-unknown/debug/deps --target wasm32-unknown-unknown -L dependency=/home/bgrieder/projects/mpc_millionaires/target/wasm32-unknown-unknown/debug/deps -L dependency=/home/bgrieder/projects/mpc_millionaires/target/debug/deps --extern scale=/home/bgrieder/projects/mpc_millionaires/target/wasm32-unknown-unknown/debug/deps/libscale_core-cc054a5585e96e47.rmeta --cap-lints warn`
   Compiling cosmian_std v0.1.0
     Running `CARGO=/home/bgrieder/.rustup/toolchains/nightly-2021-03-25-x86_64-unknown-linux-gnu/bin/cargo CARGO_CRATE_NAME=cosmian_std CARGO_MANIFEST_DIR=/home/bgrieder/projects/mpc_millionaires/vendor/cosmian_std CARGO_PKG_AUTHORS='Benjamin Coenen <benjamin.coenen@cosmian.com>' CARGO_PKG_DESCRIPTION='Cosmian std lib to write Rust MPC programs with easier abstractions and helpers' CARGO_PKG_HOMEPAGE='' CARGO_PKG_LICENSE='' CARGO_PKG_LICENSE_FILE=LICENSE CARGO_PKG_NAME=cosmian_std CARGO_PKG_REPOSITORY='https://github.com/Cosmian/cosmian_std' CARGO_PKG_VERSION=0.1.0 CARGO_PKG_VERSION_MAJOR=0 CARGO_PKG_VERSION_MINOR=1 CARGO_PKG_VERSION_PATCH=0 CARGO_PKG_VERSION_PRE='' LD_LIBRARY_PATH='/home/bgrieder/projects/mpc_millionaires/target/debug/deps:/home/bgrieder/.rustup/toolchains/nightly-2021-03-25-x86_64-unknown-linux-gnu/lib:/home/bgrieder/.rustup/toolchains/nightly-2021-03-25-x86_64-unknown-linux-gnu/lib::/home/bgrieder/.sdkman/candidates/java/8.0.232-amzn/jre/lib/amd64/server/:/home/bgrieder/.sdkman/candidates/java/8.0.232-amzn/jre/lib/amd64/server/' rustc --crate-name cosmian_std --edition=2018 /home/bgrieder/projects/mpc_millionaires/vendor/cosmian_std/src/lib.rs --error-format=json --json=diagnostic-rendered-ansi --crate-type lib --emit=dep-info,metadata,link -C embed-bitcode=no -C debuginfo=2 -C overflow-checks=off -C metadata=31bc7425cfefbdd4 -C extra-filename=-31bc7425cfefbdd4 --out-dir /home/bgrieder/projects/mpc_millionaires/target/wasm32-unknown-unknown/debug/deps --target wasm32-unknown-unknown -L dependency=/home/bgrieder/projects/mpc_millionaires/target/wasm32-unknown-unknown/debug/deps -L dependency=/home/bgrieder/projects/mpc_millionaires/target/debug/deps --extern scale=/home/bgrieder/projects/mpc_millionaires/target/wasm32-unknown-unknown/debug/deps/libscale_core-cc054a5585e96e47.rmeta --extern scale_std=/home/bgrieder/projects/mpc_millionaires/target/wasm32-unknown-unknown/debug/deps/libscale_std-8c15b05b75b9330c.rmeta --cap-lints warn`
   Compiling mpc_millionaires v0.1.0 (/home/bgrieder/projects/mpc_millionaires)
     Running `CARGO=/home/bgrieder/.rustup/toolchains/nightly-2021-03-25-x86_64-unknown-linux-gnu/bin/cargo CARGO_BIN_NAME=mpc_millionaires CARGO_CRATE_NAME=mpc_millionaires CARGO_MANIFEST_DIR=/home/bgrieder/projects/mpc_millionaires CARGO_PKG_AUTHORS='' CARGO_PKG_DESCRIPTION='' CARGO_PKG_HOMEPAGE='' CARGO_PKG_LICENSE='' CARGO_PKG_LICENSE_FILE='' CARGO_PKG_NAME=mpc_millionaires CARGO_PKG_REPOSITORY='' CARGO_PKG_VERSION=0.1.0 CARGO_PKG_VERSION_MAJOR=0 CARGO_PKG_VERSION_MINOR=1 CARGO_PKG_VERSION_PATCH=0 CARGO_PKG_VERSION_PRE='' CARGO_PRIMARY_PACKAGE=1 LD_LIBRARY_PATH='/home/bgrieder/projects/mpc_millionaires/target/debug/deps:/home/bgrieder/.rustup/toolchains/nightly-2021-03-25-x86_64-unknown-linux-gnu/lib:/home/bgrieder/.rustup/toolchains/nightly-2021-03-25-x86_64-unknown-linux-gnu/lib::/home/bgrieder/.sdkman/candidates/java/8.0.232-amzn/jre/lib/amd64/server/:/home/bgrieder/.sdkman/candidates/java/8.0.232-amzn/jre/lib/amd64/server/' rustc --crate-name mpc_millionaires --edition=2018 src/main.rs --error-format=json --json=diagnostic-rendered-ansi --crate-type bin --emit=dep-info,link -C embed-bitcode=no -C debuginfo=2 -C overflow-checks=off -C metadata=5e600ab415b989ff --out-dir /home/bgrieder/projects/mpc_millionaires/target/wasm32-unknown-unknown/debug/deps --target wasm32-unknown-unknown -C incremental=/home/bgrieder/projects/mpc_millionaires/target/wasm32-unknown-unknown/debug/incremental -L dependency=/home/bgrieder/projects/mpc_millionaires/target/wasm32-unknown-unknown/debug/deps -L dependency=/home/bgrieder/projects/mpc_millionaires/target/debug/deps --extern cosmian_std=/home/bgrieder/projects/mpc_millionaires/target/wasm32-unknown-unknown/debug/deps/libcosmian_std-31bc7425cfefbdd4.rlib`
warning: unused variable: `alice_next_now`
  --> src/main.rs:19:13
   |
19 |     let mut alice_next_now = read_tabular(ALICE, 2);
   |             ^^^^^^^^^^^^^^ help: if this is intentional, prefix it with an underscore: `_alice_next_now`
   |
   = note: `#[warn(unused_variables)]` on by default

warning: variable does not need to be mutable
  --> src/main.rs:19:9
   |
19 |     let mut alice_next_now = read_tabular(ALICE, 2);
   |         ----^^^^^^^^^^^^^^
   |         |
   |         help: remove this `mut`
   |
   = note: `#[warn(unused_mut)]` on by default

warning: 2 warnings emitted

    Finished dev [unoptimized + debuginfo] target(s) in 9.81s
